[   00000]niializing cgup subsys cpuset
[    0.000000] Initializing cgroup subsys cpu
[    0.000000] Initializing cgroup subsys cpuacct
[    0.000000] Linux version 4.4.0-142-generic (buildd@lgw01-amd64-033) (gcc version 5.4.0 20160609 (Ubuntu 5.4.0-6ubuntu1~16.04.10) ) #168-Ubuntu SMP Wed Jan 16 21:00:45 UTC 2019 (Ubuntu 4.4.0-142.168-generic 4.4.167)
[    0.000000] Command line: BOOT_IMAGE=/boot/vmlinuz-4.4.0-142-generic root=UUID=596dd04d-2c69-42c5-8ed8-7a8e48ad11de ro console=tty1 console=ttyS0
[    0.000000] KERNEL supported cpus:
[    0.000000]   Intel GenuineIntel
[    0.00000]   AMD AuthenticAMD
[    0.000000]   Centaur CentaurHauls
[    0.000000] x86/fpu: xstate_offset[2]:  576, xstate_sizes[2]:  256
[    0.000000] x86/fpu: Supporting XSAVE feature 0x01: 'x87 floating point registers'
[    0.000000] x86/fpu: Supporting XSAVE feature 0x02: 'SSE registers'
[    0.000000] x86/fpu: Supporting XSAVE feature 0x04: 'AVX registers'
[    0.000000] x86/fpu: Enabled xstate features 0x7, context size is 832 bytes, using 'standard' format.
[    0.0000] 820: BIOS-provided hyical RAMma:[    0.000000] BIOS-82 [em 0x0000000000000-x0000000009fff] usable
[   .0000]BIS-e820: [mem 0x0000000009fc0-x00000009ffff] rseed
[    0.0000]BIS-e80:[m 0x000000000f00-0x0000000000ffff] resrvd[    0.00000] BIOS-e820: me 0x0000000000000x0000000dffeffff] usable
[    0.000000] BIOS-e820: [mem 0x00000000dfff0000-0x00000000dfffffff] ACPI data
[    0.000000] BIOS-e820: [mem 0x00000000fec00000-0x0000000fec00fff] reserved
[    0.000000] BIOS-e820: [mem 0x00000000fee00000-0x00000000fee00fff] reserved
[    0.000000] BIOS-e820: [mem 0x00000000fffc0000-0x00000000ffffffff] reserved
[    0.000000] BIOS-e820: [mem 0x0000000100000000-0x000000021affffff] usable
[    0.000000] NX (Execute Disable) protection: active
[    0.000000] SMBIOS 2.5 present.
[    0.000000] Hypervisor detected: KVM
[    0.000000] e820: last_pfn = 0x21b000 max_arch_pfn = 0x400000000
[    0.000000] MTRR: Disabled
[    0.000000] x86/PAT: MTRRs disabled, skipping PAT initialization too.
[    0.000000] CPU MTRRs all blank - virtualized system.
[    0.000000] x86/PAT: Configuration [0-7]: WB  WT UC UC  W W UC- UC      0.000]e820 lt_fn = 0ff0 max_rc_pn  0x40000
[   0.0000 found MPMP-tab at [mm x09fff0-0x09ff] mappe a[fff880000ff0]
[  000000] Scanning 1 areas forlo memor crutin
[    0.0000] AMDIK:[mm x35a3c000x6d15fff]
[    0.000000] ACPI: Early table checksum verification disabled
[    0.000000] ACPI: RSDP 0x00000000000E0000 000024 (v02 VBOX  )
[    0.000000] ACPI: XSDT 0x00000000DFFF0030 00003C (v01 VBOX   VBOXXSDT 00000001 ASL  00000061)
[    0.000000] ACPI: FACP 0x00000000DFFF00F0 0000F4 (v04 VBOX   VBOXFACP 00000001 ASL  00000061)
[    0.000000] ACPI: DSDT 0x00000000DFFF0470 0021FF (v02 VBOX   VBOXBIOS 00000002 INTL 20100528)
[   0.000000] ACPI: FACS 0x00000000DFFF0200 000040
[    0.000000] ACPI: FACS 0x00000000DFFF0200 000040
[    0.000000] ACPI: APIC 0x00000000DFFF0240 00005C (v02 VBOX   VBOXAPIC 00000001 ASL  00000061)
[    0.000000] ACPI: SSDT 0x00000000DFFF02A0 0001CC (v01 VBOX   VBOXCPUT 00000002 INTL 20100528)
[    0.000000] No NUMA configuration found
[    0.000000] Faking a node at [mem 0x0000000000000000-0x000000021affffff]
[    0.000000] NODE_DATA(0) allocated [mem 0x21aff5000-0x21aff9fff]
[    0.000000] kvm-clock: Using msrs 4b564d01 and 4b564d00
[    0.000000]kvm-clock: c 0msr 2:1afed01 pimary pu clock
[   .00000] kvm-clock: using sched offset of 5245956230 cycles
[    0.000000] clocksource: kvm-cloc: mask: 0xffffffffffffffff max_cycles: 0x1cd42e4dffb, max_idle_ns: 881590591483 ns
[    0.000000] Zone ranges:
[    0.000000]   DMA      [mem 0x0000000000001000-0x0000000000ffffff]
[    0.000000]   DMA32    [mem 0x0000000001000000-0x00000000ffffffff]
[    0.000000]   Normal   [mem 0x0000000100000000-0x000000021affffff]
[    0.00000] Devic   ety
[   0.0000]Moable znestrtfor eac nde
[   0.00000 Eary memory node ranges
[    0.000000]   node   0: [mem 0x0000000000001000-0x00000000009efff]
[    0.00000  node  : mem x000000010000-0x00000000dffeffff]
[  0.000000]   node   0: [mm x0000001000000-x000021affff][    0.000000] Initmem setup node 0 [mem 0x0000000000001000-0x000000021afffff]
[    0.000000] ACPI: PM-Timer IO Port: 0x4008
[    0.000000] IOAPIC[0]: apic_id 2, version 32, address 0xfec00000, GSI 0-23
[    0.000000] ACPI: INT_SRC_OVR (bus 0 bus_irq 0 global_irq 2 dfl dfl)
[    0.000000] ACPI: INT_SRC_OVR (bus 0 bus_irq 9 global_irq 9 low level)
[    0.000000] Using ACPI (MADT) for SMP configuration information
[    0.000000] smpboot: Allowing 2 CPUs, 0 hotplug CPUs
[    0.000000] PM: Registered nosave memory: [mem 0x00000000-0x00000fff]
[    0.000000] PM: Registered nosave memory: [mem 0x0009f000-0x0009ffff]
[    0.000000] PM: Registerenosave memory: [mem 0x000a0000-0x000effff]
[    0.0000] PM: Registerd nosave memory: [mem 0x000f0000-0x000fffff]
[    0.000000] PM: Registered nosave memory: [mem 0xdfff0000-0xdfffffff]
[    0.0000000] PM: Registered nosave memory: [mem 0xe0000000-0xfebfffff]
[    0.000000] PM: Registered nosavememory: [mem 0xfec00000-0xfec00fff]
[    0.000000] PM: Registered nosave memory: [mem 0xfec01000-0xfedfffff]
[    0.000000] PM: Registered nosave memory: [mem 0xfee00000-0xfee00fff]
[    0.000000] PM: Registered nosave memory: [mem 0xfee01000-0xfffbffff]
[    0.000000] PM: Registered nsave mmory: [mem 0xfffc000-0ffffff
    0.000000] e820[mem 0xe00000-xfbfffff] aaible for CIdeics
[    0000000] Booting paravirtualized kernel on KVM
[    0.000000] clocksoure: fined-jiffies: as: xfffffff maxyces: 0xffffffff, axide_ns: 7645519600211568 ns
[    0.000000] setup_percpu: NR_CPUS:512 nr_cpumask_bits:512 nr_cpu_ids:2 nr_node_ids:1
[    0.000000] PERCPU: Embedded 34 pescp @ffff8821c000 s9980r892d31592 u14876
[    0.0000] Built 1 zonelists i Ne rder, mobilitygropig n.  Total pags: 24488
[   0.0000 Picy zone: Norma
[    0.000000] Kernel command line: BOOT_IMAGE=/boot/vmlinuz-4.4.0-142-generic root=UUID=596dd04d-2c69-42c5-8ed8-7a8e48ad11de ro console=tty1 console=ttyS0
[    0.000000] PID hash table entries: 4096 (order: 3, 32768 bytes)
[    0.000000] Memory: 8070580K/8306232K available (8603K kernel code, 1332K rwdata, 4004K rodata, 1484K init, 1316K bss, 23552K reserved, 0K cma-reserved)
[    0.000000] SLUB: HWalign=64, Order=0-3, MinObjects=0, CPUs=2, Nodes=1
[    0.000000] Kernel/User page tables iolation: enabled
[    0.000000] Hierarchical RCU implementation.
[    0.000000] 	Build-time adjustment of leaf fanout to 64.
[    0.000000] 	RCU restricting CPUs from NR_CPUS=512 to nr_cpu_ids=2.
[    0.000000] RCU: Adjusting geometry for rcu_fanout_leaf=64, nr_cpu_ids=2
[    0.000000] NR_QS:33024 _irqs:440 16    0.0000 Cnsole: colou VGA 8x25
[   0.000000] console [tty1] eabed
[    0.0000] onole [tyS] naled
[  0.0000] tsc: Detected 2591.998 MHz processor
[    5.278651] Calibrating delay loop (skipped) preset value.. 5183.99 BogoMIPS (lpj=10367992)
[    5.309248] pid_max: default: 32768 minimum: 301
[    5.320729] ACPI: Core revision 20150930
[    5.351578] ACPI: 2 ACPI AML tables successfully acquired and loaded
[    5.376545] Security Framework initialized
[    5.394040] Yama: becoming mindful.
[    5.417069] AppArmor: AppArmor initialized
[    5.462773] Dentry cache hash table entries: 1048576 (order: 11, 8388608 bytes)
[    5.528816] Inode-cache hash table entries: 524288 (order: 10, 4194304 bytes)
[    5.595305] Mount-cache hash table entries: 16384 (order: 5, 131072 bytes)
[    5.666475] Mountpoint-cache hash table entries: 16384 (order: 5, 131072 bytes)
[    5.711291] Initializing cgroup subsys io
[    5.752936] Initializing cgroup subsys memory
[    5.793600] Initializing cgroup subsys devices
[    5.840437] Initializing cgroup subsys freezer
[    5.864594] Initializing cgroup subsys net_cls
[    5.873520] Initializing cgroup subsys perf_event
[    5.877533] Initializing cgroup subsys net_prio
[    5.885426] Initializing cgroup subsys hugetlb
[    5.889696] Initializing cgroup subsys pids
[    5.893764] mce: CPU supports 0 MCE banks
[    5.900889] Last level iTLB entries: 4KB 64, 2MB 8, 4MB 8
[    5.905810] Last level dTLB entries: 4KB 64, 2MB 0, 4MB 0, 1GB 4
[    5.911232] Spectre V2 : Mitigation: Full generic retpoline
[    5.914054] Spectre V2 : Spectre v2 / SpectreRSB mitigation: Filling RSB on context switch
[    5.930139] Speculative Store Bypass: Vulnerable
[    5.935693] Freeing SMP alternatives memory: 32K
[    5.947362] ftrace: allocating 32277 entries in 127 pages
[    6.069957] smpboot: APIC(0) Converting physical 0 to logical package 0
[    6.168582] smpboot: Max logical packages: 1
[    6.249455] x2apic enabled
[    6.311180] Switched APIC routing to physical x2apic.
[    6.409538] ..TIMER: vector=0x30 apic1=0 pin1=2 apic2=-1 pin2=-1
[    6.616512] smpboot: CPU0: Intel(R) Core(TM) i7-6700HQ CPU @ 2.60GHz (family: 0x6, model: 0x5e, stepping: 0x3)
[    6.694086] Performance Events: unsupported p6 CPU model 94 no PMU driver, software events only.
[    6.748608] KVM setup paravirtual spinlock
[    6.756827] x86: Booting SMP configuration:
[    6.771816] .... node  #0, CPUs:      #1
[    6.777637] kvm-clock: cpu 1, msr 2:1afed041, secondary cpu clock
[    6.781612] mce: CPU supports 0 MCE banks
[    6.784714] x86: Booted up 1 node, 2 CPUs
[    6.801928] smpboot: Total of 2 processors activated (10367.99 BogoMIPS)
[    6.812323] devtmpfs: initialized
[    6.829050] evm: security.selinux
[    6.841962] evm: security.SMACK64
[    6.857451] evm: security.SMACK64EXEC
[    6.862095] evm: security.SMACK64TRANSMUTE
[    6.869363] evm: security.SMACK64MMAP
[    6.877795] evm: security.ima
[    6.893454] evm: security.capability
[    6.895135] clocksource: jiffies: mask: 0xffffffff max_cycles: 0xffffffff, max_idle_ns: 7645041785100000 ns
[    6.917470] futex hash table entries: 512 (order: 3, 32768 bytes)
[    6.941924] pinctrl core: initialized pinctrl subsystem
[    6.947053] RTC time: 23:05:39, date: 03/25/19
[    6.964018] NET: Registered protocol family 16
[    6.976750] cpuidle: using governor ladder
[    6.993178] cpuidle: using governor menu
[    6.995459] PCCT header not found.
[    6.997463] ACPI: bus type PCI registered
[    6.999446] acpiphp: ACPI Hot Plug PCI Controller Driver version: 0.5
[    7.003307] PCI: Using configuration type 1 for base access
[    7.021994] ACPI: Added _OSI(Module Device)
[    7.023968] ACPI: Added _OSI(Processor Device)
[    7.026245] ACPI: Added _OSI(3.0 _SCP Extensions)
[    7.029328] ACPI: Added _OSI(Processor Aggregator Device)
[    7.033592] ACPI: Executed 1 blocks of module-level executable AML code
[    7.040880] ACPI: Interpreter enabled
[    7.043167] ACPI: (supports S0 S5)
[    7.045311] ACPI: Using IOAPIC for interrupt routing
[    7.048244] PCI: Using host bridge windows from ACPI; if necessary, use "pci=nocrs" and report a bug
[    7.060195] ACPI: PCI Root Bridge [PCI0] (domain 0000 [bus 00-ff])
[    7.063718] acpi PNP0A03:00: _OSC: OS supports [ASPM ClockPM Segments MSI]
[    7.086364] acpi PNP0A03:00: _OSC: not requesting OS control; OS requires [ExtendedConfig ASPM ClockPM MSI]
[    7.109686] acpi PNP0A03:00: fail to add MMCONFIG information, can't access extended PCI configuration space under this bridge.
[    7.134441] PCI host bridge to bus 0000:00
[    7.143083] pci_bus 0000:00: root bus resource [io  0x0000-0x0cf7 window]
[    7.167043] pci_bus 0000:00: root bus resource [io  0x0d00-0xffff window]
[    7.193458] pci_bus 0000:00: root bus resource [mem 0x000a0000-0x000bffff window]
[    7.196754] pci_bus 0000:00: root bus resource [mem 0xe0000000-0xfdffffff window]
[    7.199684] pci_bus 0000:00: root bus resource [bus 00-ff]
[    7.211827] pci 0000:00:01.1: legacy IDE quirk: reg 0x10: [io  0x01f0-0x01f7]
[    7.230446] pci 0000:00:01.1: legacy IDE quirk: reg 0x14: [io  0x03f6]
[    7.241700] pci 0000:00:01.1: legacy IDE quirk: reg 0x18: [io  0x0170-0x0177]
[    7.263639] pci 0000:00:01.1: legacy IDE quirk: reg 0x1c: [io  0x0376]
[    7.353897] pci 0000:00:07.0: quirk: [io  0x4000-0x403f] claimed by PIIX4 ACPI
[    7.404609] pci 0000:00:07.0: quirk: [io  0x4100-0x410f] claimed by PIIX4 SMB
[    7.449092] ACPI: PCI Interrupt Link [LNKA] (IRQs 5 9 10 *11)
[    7.478706] ACPI: PCI Interrupt Link [LNKB] (IRQs 5 9 *10 11)
[    7.553756] ACPI: PCI Interrupt Link [LNKC] (IRQs 5 *9 10 11)
[    7.610383] ACPI: PCI Interrupt Link [LNKD] (IRQs 5 9 10 *11)
[    7.673616] ACPI: Enabled 2 GPEs in block 00 to 07
[    7.723322] vgaarb: setting as boot device: PCI:0000:00:02.0
[    7.789989] vgaarb: device added: PCI:0000:00:02.0,decodes=io+mem,owns=io+mem,locks=none
[    7.853983] vgaarb: loaded
[    7.869530] vgaarb: bridge control possible 0000:00:02.0
[    7.891779] SCSI subsystem initialized
[    7.894488] ACPI: bus type USB registered
[    7.907578] usbcore: registered new interface driver usbfs
[    7.923419] usbcore: registered new interface driver hub
[    7.926351] usbcore: registered new device driver usb
[    7.938048] PCI: Using ACPI for IRQ routing
[    7.939854] NetLabel: Initializing
[    7.940984] NetLabel:  domain hash size = 128
[    7.951705] NetLabel:  protocols = UNLABELED CIPSOv4
[    7.953290] NetLabel:  unlabeled traffic allowed by default
[    7.961637] amd_nb: Cannot enumerate AMD northbridges
[    7.994179] clocksource: Switched to clocksource kvm-clock
[    8.036916] AppArmor: AppArmor Filesystem Enabled
[    8.4815] pnp: PnP ACPI init
[    8.97809] pnp: PnP ACPI: found 3 devics

[    8.188823] clocksourc: cp_p: ask: 0xffffff max_cycles: 0xffffff, max_ilens 2850124 n
[    8.492408] NET: Registered protocol family 2

[   8.9492 TCP established hash bl etres 65536 (order: 7, 4288 byes)
[   8.83607 TP ind hash taleenris: 6536 order: 8, 1048576 bytes)
[    9.095760] TCP: Hash tables configured (established 65536 bind 65536)
[    9.098615] UDP hash table entries: 4096 (order: 5, 131072 bytes)
[    9.101312] UDP-Lite hash table entries: 4096 (order: 5, 131072 bytes)
[    9.104232] NET: Registered protocol family 1
[    9.106246] pci 0000:00:00.0: Limiting direct PCI/PCI transfers
[  9.109186] pci 0000:00:01.0: Activating ISA DMA hang workarounds
[    9.169087] Unpacking initramfs...

[    9.569129] Freeing initrd memory: 19304K
[    9.614497] PCI-DMA: Using software bounce buffering for IO (SWIOTLB)
[    9.674392] software IO TLB [mem 0xdbff0000-0xdfff0000] (64MB) mapped at [ffff8800dbff0000-ffff8800dffeffff]
[    9.678935] platform rtc_cmos: registered platform RTC device (no PNP device found)
[    9.682532] Scanning for low memory corruption every 60 seconds
[    9.685798] audit: initializing netlink subsys (disabled)
[    9.688352] audit: type=2000 audit(1553555142.184:1): initialized
[    9.691407] Initialise system trusted keyring
[    9.693750] HugeTLB registered 2 MB page size, pre-allocated 0 pages
[    9.698296] zbud: loaded
[    9.700166] VFS: Disk quotas dquot_6.6.0
[    9.702068] VFS: Dquot-cache hash table entries: 512 (order 0, 4096 bytes)
[    9.705378] squashfs: version 4.0 (2009/01/31) Phillip Lougher
[    9.708401] fuse init (API version 7.23)
[    9.710512] Key type big_key registered
[    9.712323] Allocating IMA MOK and blacklist keyrings.
[    9.717293] Key type asymmetric registered
[    9.719220] Asymmetric key parser 'x509' registered
[    9.721459] Block layer SCSI generic (bsg) driver version 0.4 loaded (major 249)
[    9.725035] io scheduler noop registered
[    9.726945] io scheduler deadline registered (default)
[    9.729310] io scheduler cfq registered
[    9.731050] pci_hotplug: PCI Hot Plug PCI Core version: 0.5
[    9.738756] pciehp: PCI Express Hot Plug Controller Driver version: 0.4
[    9.742048] ACPI: AC Adapter [AC] (on-line)
[    9.744179] input: Power Button as /devices/LNXSYSTM:00/LNXPWRBN:00/input/input0
[    9.747649] ACPI: Power Button [PWRF]
[    9.749535] input: Sleep Button as /devices/LNXSYSTM:00/LNXSLPBN:00/input/input1
[    9.753036] ACPI: Sleep Button [SLPF]
[    9.755195] GHES: HEST is not enabled!
[    9.756826] ACPI: Battery Slot [BAT0] (battery present)
[    9.759825] Serial: 8250/16550 driver, 32 ports, IRQ sharing enabled
[    9.790472] 00:02: ttyS0 at I/O 0x3f8 (irq = 4, base_baud = 115200) is a 16550A
[    9.798904] Linux agpgart interface v0.103
[    9.805324] loop: module loaded
[    9.813025] scsi host0: ata_piix
[    9.814965] scsi host1: ata_piix
[    9.816594] ata1: PATA max UDMA/33 cmd 0x1f0 ctl 0x3f6 bmdma 0xd000 irq 14
[    9.819619] ata2: PATA max UDMA/33 cmd 0x170 ctl 0x376 bmdma 0xd008 irq 15
[    9.822782] libphy: Fixed MDIO Bus: probed
[    9.824738] tun: Universal TUN/TAP device driver, 1.6
[    9.827074] tun: (C) 1999-2004 Max Krasnyansky <maxk@qualcomm.com>
[    9.830286] PPP generic driver version 2.4.2
[    9.832430] ehci_hcd: USB 2.0 'Enhanced' Host Controller (EHCI) Driver
[    9.835310] ehci-pci: EHCI PCI platform driver
[    9.837363] ehci-platform: EHCI generic platform driver
[    9.839778] ohci_hcd: USB 1.1 'Open' Host Controller (OHCI) Driver
[    9.842477] ohci-pci: OHCI PCI platform driver
[    9.844591] ohci-platform: OHCI generic platform driver
[    9.846985] uhci_hcd: USB Universal Host Controller Interface driver
[    9.849899] i8042: PNP: PS/2 Controller [PNP0303:PS2K,PNP0f03:PS2M] at 0x60,0x64 irq 1,12
[    9.854203] serio: i8042 KBD port at 0x60,0x64 irq 1
[    9.856491] serio: i8042 AUX port at 0x60,0x64 irq 12
[    9.859148] mousedev: PS/2 mouse device common for all mice
[    9.862109] input: AT Translated Set 2 keyboard as /devices/platform/i8042/serio0/input/input2
[    9.866891] rtc_cmos rtc_cmos: rtc core: registered rtc_cmos as rtc0
[    9.869711] rtc_cmos rtc_cmos: alarms up to one day, 114 bytes nvram
[    9.872536] i2c /dev entries driver
[    9.874339] device-mapper: uevent: version 1.0.3
[    9.876653] device-mapper: ioctl: 4.34.0-ioctl (2015-10-28) initialised: dm-devel@redhat.com
[    9.880065] ledtrig-cpu: registered to indicate activity on CPUs
[    9.926144] NET: Registered protocol family 10
[    9.933931] NET: Registered protocol family 17
[    9.936065] Key type dns_resolver registered
[    9.938892] registered taskstats version 1
[    9.940821] Loading compiled-in X.509 certificates
[    9.952943] Loaded X.509 cert 'Build time autogenerated kernel key: bff73e56bc0efa7435b2a24f5427674623f1be80'
[    9.957435] zswap: loaded using pool lzo/zbud
[    9.961988] Key type trusted registered
[    9.968629] Key type encrypted registered
[    9.970567] AppArmor: AppArmor sha1 policy hashing enabled
[    9.972985] ima: No TPM chip found, activating TPM-bypass!
[    9.975474] ima: Allocated hash algorithm: sha1
[    9.977545] evm: HMAC attrs: 0x1
[    9.979780]   Magic number: 11:813:100
[    9.981689] rtc_cmos rtc_cmos: setting system clock to 2019-03-25 23:05:42 UTC (1553555142)
[    9.985694] BIOS EDD facility v0.16 2004-Jun-25, 0 devices found
[    9.988371] EDD information not available.
[    9.992700] Freeing unused kernel memory: 1484K
[   10.010555] Write protecting the kernel read-only data: 14336k
[   10.023144] Freeing unused kernel memory: 1624K
[   10.032281] Freeing unused kernel memory: 92K
Loading, please wait...
starting version 229
[   10.053100] random: systemd-udevd: uninitialized urandom read (16 bytes read, 5 bits of entropy available)
[   10.053240] random: udevadm: uninitialized urandom read (16 bytes read, 5 bits of entropy available)
[   10.053261] random: udevadm: uninitialized urandom read (16 bytes read, 5 bits of entropy available)
[   10.065666] random: udevadm: uninitialized urandom read (16 bytes read, 5 bits of entropy available)
[   10.065719] random: udevadm: uninitialized urandom read (16 bytes read, 5 bits of entropy available)
[   10.065884] random: udevadm: uninitialized urandom read (16 bytes read, 5 bits of entropy available)
[   10.065942] random: udevadm: uninitialized urandom read (16 bytes read, 5 bits of entropy available)
[   10.066003] random: udevadm: uninitialized urandom read (16 bytes read, 5 bits of entropy available)
[   10.066066] random: udevadm: uninitialized urandom read (16 bytes read, 5 bits of entropy available)
[   10.066124] random: udevadm: uninitialized urandom read (16 bytes read, 5 bits of entropy available)
[   10.178885] e1000: Intel(R) PRO/1000 Network Driver - version 7.3.21-k8-NAPI
[   10.182277] e1000: Copyright (c) 1999-2006 Intel Corporation.
[   10.197481] Fusion MPT base driver 3.04.20
[   10.199501] Copyright (c) 1999-2008 LSI Corporation
[   10.212175] Fusion MPT SPI Host driver 3.04.20
[   10.248743] AVX2 version of gcm_enc/dec engaged.
[   10.251018] AES CTR mode by8 optimization enabled
[   10.396167] input: ImExPS/2 Generic Explorer Mouse as /devices/platform/i8042/serio1/input/input4
[   10.680510] tsc: Refined TSC clocksource calibration: 2590.387 MHz
[   11.284040] clocksource: tsc: mask: 0xffffffffffffffff max_cycles: 0x2556c2fdfce, max_idle_ns: 440795259995 ns
[   11.295049] e1000 0000:00:03.0 eth0: (PCI:33MHz:32-bit) 02:46:93:03:7f:ca
[   11.295055] e1000 0000:00:03.0 eth0: Intel(R) PRO/1000 Network Connection
[   11.323791] e1000 0000:00:03.0 enp0s3: renamed from eth0
[   11.324686] mptbase: ioc0: Initiating bringup
[   11.423086] ioc0: LSI53C1030 A0: Capabilities={Initiator}
[   11.594643] scsi host2: ioc0: LSI53C1030 A0, FwRev=00000000h, Ports=1, MaxQ=256, IRQ=20
[   11.738895] scsi 2:0:0:0: Direct-Access     VBOX     HARDDISK         1.0  PQ: 0 ANSI: 5
[   11.750207] scsi target2:0:0: Beginning Domain Validation
[   11.852425] scsi target2:0:0: Domain Validation skipping write tests
[   11.854282] scsi target2:0:0: Ending Domain Validation
[   11.855964] scsi target2:0:0: asynchronous
[   11.858447] scsi 2:0:1:0: Direct-Access     VBOX     HARDDISK         1.0  PQ: 0 ANSI: 5
[   11.975073] scsi target2:0:1: Beginning Domain Validation
[   12.007101] scsi target2:0:1: Domain Validation skipping write tests
[   12.052061] scsi target2:0:1: Ending Domain Validation
[   12.094408] scsi target2:0:1: asynchronous
[   12.132713] sd 2:0:0:0: Attached scsi generic sg0 type 0
[   12.155405] sd 2:0:0:0: [sda] 20971520 512-byte logical blocks: (10.7 GB/10.0 GiB)
[   12.168154] sd 2:0:1:0: [sdb] 20480 512-byte logical blocks: (10.5 MB/10.0 MiB)
[   12.168443] sd 2:0:0:0: [sda] Write Protect is off
[   12.168785] sd 2:0:0:0: [sda] Incomplete mode parameter data
[   12.168787] sd 2:0:0:0: [sda] Assuming drive cache: write through
[   12.229380] sd 2:0:1:0: Attached scsi generic sg1 type 0
[   12.232350]  sda: sda1
[   12.233239] sd 2:0:0:0: [sda] Attached SCSI disk
[   12.398627] sd 2:0:1:0: [sdb] Write Protect is off
[   12.417159] sd 2:0:1:0: [sdb] Incomplete mode parameter data
[   12.428755] sd 2:0:1:0: [sdb] Assuming drive cache: write through
[   12.438368] sd 2:0:1:0: [sdb] Attached SCSI disk
Begin: Loading essential drivers ... [   13.883881] md: linear personality registered for level -1
[   13.892740] md: multipath personality registered for level -4
[   13.898853] md: raid0 personality registered for level 0
[   13.907341] md: raid1 personality registered for level 1
[   13.982755] raid6: sse2x1   gen()  5708 MB/s
[   14.050308] raid6: sse2x1   xor()  4910 MB/s
[   14.118707] raid6: sse2x2   gen()  8459 MB/s
[   14.186462] raid6: sse2x2   xor()  8216 MB/s
[   14.326494] raid6: sse2x4   gen() 11050 MB/s
[   14.394628] raid6: sse2x4   xor()  8844 MB/s
[   14.474353] raid6: avx2x1   gen() 13566 MB/s
[   14.542253] raid6: avx2x2   gen() 18451 MB/s
[   14.614338] raid6: avx2x4   gen() 22105 MB/s
[   14.644322] raid6: using algorithm avx2x4 gen() 22105 MB/s
[   14.646752] raid6: using avx2x2 recovery algorithm
[   14.662492] xor: automatically using best checksumming function:
[   14.730307]    avx       : 44189.000 MB/sec
[   14.743177] async_tx: api initialized (async)
[   14.775294] md: raid6 personality registered for level 6
[   14.785899] md: raid5 personality registered for level 5
[   14.788409] md: raid4 personality registered for level 4
[   14.800218] md: raid10 personality registered for level 10
done.
Begin: Running /scripts/init-premount ... done.
Begin: Mounting root file system ... Begin: Running /scripts/local-top ... done.
Begin: Running /scripts/local-premount ... [   14.862941] Btrfs loaded
Scanning for Btrfs filesystems
done.
Warning: fsck not present, so skipping root file system
[   14.899439] EXT4-fs (sda1): mounted filesystem with ordered data mode. Opts: (null)
done.
Begin: Running /scripts/local-bottom ... done.
Begin: Running /scripts/init-bottom ... done.
[   15.026995] systemd[1]: systemd 229 running in system mode. (+PAM +AUDIT +SELINUX +IMA +APPARMOR +SMACK +SYSVINIT +UTMP +LIBCRYPTSETUP +GCRYPT +GNUTLS +ACL +XZ -LZ4 +SECCOMP +BLKID +ELFUTILS +KMOD -IDN)[  15.58371] systemd[1]: Detected virtualization oracle.
[   15.146134] systemd[1]: Detected architecture x8-6

Welcome to [1mUbuntu 16.04.5 LTS[0m!

[   15.234012] systemd[1]: Set hostname to <ubuntu-xenial>.

[   15.415279] systemd[1]: Listening on Journal Audit Socket.
[[0;32m  OK  [0m] Listening on Journal Audit Socket.
[   15.578813] systemd[1]: Started Forward Paswod Requests to Wall Directory Watch.
[[0;32m  OK  [0m] Started Forward Password Requests to Wall Directory Watch.
[   15.664713] systemd[1]: Set up automount Arbitrary Executable File Formats File System Automount Point.
[[0;32m  OK  [0m] Set up automount Arbitrary Executab...ats File System Automount Point.
[   15.674085] systemd[1]: Reached target System Time Synchronized.
[[0;32m  OK  [0m] Reached target System Time Synchronized.
[   15.681097] systemd[1]: Listening on LVM2 metadata daemon socket.
[[0;32m  OK  [0m] Listening on LVM2 metadata daemon socket.
[   15.76351] systed[1]: Listening on /dev/initctl Compatibility Named Pipe.
[[0;32m  OK  [0m] Listening on /dev/initctl Compatibility Named Pipe.
[  1.825521] systemd[1]: Reached target Encrypted Volumes.

[[0;32m  OK  [0m] Reached target Encrypted Volumes.
[   15.876936] systemd[1]: Listening on Journal Socket (/dev/log).
[[0;32m  OK  [0m] Listening on Journal Socket (/dev/log).
[   15.890262] systemd[1]: Listening on Syslog Socket.
[[0;32m  OK  [0m] Listening on Syslog Socket.
[   15.896479] systemd[1]: Listening on Journal Socket.
[[0;32m  OK  [0m] Listening on Journal Socket.
[   15.902634] systemd[1]: Reached target Swap.
[[0;32m  OK  [0m] Reached target Swap.
[   15.908507] systemd[1]: Created slice User and Session Slice.
[[0;32m  OK  [0m] Created slice User and Session Slice.
[   15.915432] systemd[1]: Created slice System Slice.
[[0;32m  OK  [0m] Created slice System Slice.
[   16.138990] systemd[1]: Starting Set console keymap...
         Starting Set con[   16.225869] random: nonblocking pool is initialized
sole keymap...
[   16.258424] systemd[1]: Created slice system-serial\x2dgetty.slice.
[[0;32m  OK  [0m] Created slice system-serial\x2dgetty.slice.
[   16.298618] systemd[1]: Starting Remount Root and Kernel File Systems...
         Starting Remount Root and Kernel File Systems...
[   16.313835] systemd[1]: Starting Create list of required static device nodes for the current kernel...
[   16.314329] EXT4-fs (sda1): re-mounted. Opts: (null)
         Starting Create list of required st... nodes for the current kernel...
[   16.340122] systemd[1]: Mounting Huge Pages File System...
         Mounting Huge Pages File System...
[   16.352752] systemd[1]: Mounting Debug File System...
         Mounting Debug File System...
[   16.359573] systemd[1]: Starting Nameserver information manager...
         Starting Nameserver information manager...
[   16.414877] systemd[1]: Mounting POSIX Message Queue File System...
         Mounting POSIX Message Queue File System...
[   16.421070] systemd[1]: Created slice system-postgresql.slice.
[[0;32m  OK  [0m] Created slice system-postgresql.slice.
[   16.425803] systemd[1]: Reached target Slices.
[[0;32m  OK  [0m] Reached target Slices.
[   16.433189] systemd[1]: Starting Load Kernel Modules...
         Starting Load Kernel Modules...
[   16.440256] systemd[1]: Starting Uncomplicated firewall...
         Starting Uncomplicated firewall...
[   16.497277] systemd[1]: Listening on Device-mapper event daemon FIFOs.
[[0;32m  OK  [0m] Listening on Device-mapper event daemon FIFOs.
[   16.530608] lp: driver loaded but no devices found
[   16.530850] systemd[1]: Starting Monitoring of LVM2 mirrors, snapshots etc. using dmeventd or progress polling...
         Starting Monitor[   16.552869] ppdev: user-space parallel port driver
ing of LVM2 mirrors... dmeventd or progress polling...
[   16.702875] Loading iSCSI transport class v2.0-870.
[   16.834708] systemd[1]: Listening on LVM2 poll daemon socket.
[[0;32m  OK  [0[   16.914095] iscsi: registered transport (tcp)
m] Listening on LVM2 poll daemon socket.
[   17.026434] systemd[1]: Starting Journal Service...
         Startin[   17.149743] iscsi: registered transport (iser)
g Journal Service...
[   17.269770] systemd[1]: Listening on udev Kernel Socket.
[[0;32m  OK  [0m] Listening on udev Kernel Socket.
[   17.379481] systemd[1]: Listening on udev Control Socket.
[[0;32m  OK  [0m] Listening on udev Control Socket.
[   17.414734] systemd[1]: Reached target User and Group Name Lookups.
[[0;32m  OK  [0m] Reached target User and Group Name Lookups.
[   17.427134] systemd[1]: Started Trigger resolvconf update for networkd DNS.
[[0;32m  OK  [0m] Started Trigger resolvconf update for networkd DNS.
[   17.451456] systemd[1]: Mounted Debug File System.
[[0;32m  OK  [0m] Mounted Debug File System.
[   17.466804] systemd[1]: Mounted Huge Pages File System.
[[0;32m  OK  [0m] Mounted Huge Pages File System.
[   17.480314] systemd[1]: Mounted POSIX Message Queue File System.
[[0;32m  OK  [0m] Mounted POSIX Message Queue File System.
[   17.682023] systemd[1]: Started Journal Service.
[[0;32m  OK  [0m] Started Journal Service.
[[0;32m  OK  [0m] Started Set console keymap.
[[0;32m  OK  [0m] Started Remount Root and Kernel File Systems.
[[0;32m  OK  [0m] Started Create list of required sta...ce nodes for the current kernel.
[[0;32m  OK  [0m] Started Load Kernel Modules.
[[0;32m  OK  [0m] Started Uncomplicated firewall.
[[0;32m  OK  [0m] Started Nameserver information manager.
[[0;32m  OK  [0m] Started LVM2 metadata daemon.
         Starting Apply Kernel Variables...
         Mounting FUSE Control File System...
         Starting Create Static Device Nodes in /dev...
         Starting Load/Save Random Seed...
         Starting udev Coldplug all Devices...
         Starting Flush Journal to Persistent Storage...
[[0;32m  OK  [0m] Mounted FUSE Control File System.
[[0;32m  OK  [0m] Started Apply Kernel Variables.
[[0;32m  OK  [0m] Started Create Static Device Nodes in /dev.
[[0;32m  OK  [0m] Started Load/Save Random Seed.
[[0;32m  OK  [0m] Started Flush Journal to Persistent Storage.
[[0;32m  OK  [0m] Started udev Coldplug all Devices.
[[0;32m  OK  [0m] Started Monitoring of LVM2 mirrors,...ng dmeventd or progress polling.
[[0;32m  OK  [0m] Reached target Local File Systems (Pre).
[[0;32m  OK  [0m] Reached target Local File Systems.
         Starting Set console font and keymap...
         Starting Initial cloud-init job (pre-networking)...
         Starting Create Volatile Files and Directories...
         Starting Tell Plymouth To Write Out Runtime Data...
         Starting LSB: AppArmor initialization...
         Starting udev Kernel Device Manager...
[[0;32m  OK  [0m] Started Create Volatile Files and Directories.
[[0;32m  OK  [0m] Started Tell Plymouth To Write Out Runtime Data.
[[0;32m  OK  [0m] Started udev Kernel Device Manager.
[[0;32m  OK  [0m] Started Dispatch Password Requests to Console Directory Watch.
         Starting Update UTMP about System Boot/Shutdown...
[[0;32m  OK  [0m] Started Update UTMP about System Boot/Shutdown.
[[0;32m  OK  [0m] Found device /dev/ttyS0.
[[0;32m  OK  [0m] Started Set console font and keymap.
[[0;1;31mFAILED[0m] Failed to start LSB: AppArmor initialization.
See 'systemctl status apparmor.service' for details.
[[0;32m  OK  [0m] Listening on Load/Save RF Kill Switch Status /dev/rfkill Watch.
[[0;32m  OK  [0m] Created slice system-getty.slice.
[[0;32m  OK  [0m] Found device 82540EM Gigabit Ethern...r (PRO/1000 MT Desktop Adapter).
[   12.348762] cloud-init[479]: Cloud-init v. 18.4-0ubuntu1~16.04.2 running 'init-local' at Mon, 25 Mar 2019 23:05:51 +0000. Up 12.09 seconds.
[[0;32m  OK  [0m] Started Initial cloud-init job (pre-networking).
[[0;32m  OK  [0m] Reached target Network (Pre).
         Starting Raise network interfaces...
[[0;32m  OK  [0m] Started ifup for enp0s3.
[[0;32m  OK  [0m] Started Raise network interfaces.
[[0;32m  OK  [0m] Reached target Network.
         Starting Initial cloud-init job (metadata service crawler)...
[   13.751989] cloud-init[1072]: Cloud-init v. 18.4-0ubuntu1~16.04.2 running 'init' at Mon, 25 Mar 2019 23:05:53 +0000. Up 13.47 seconds.
[   13.853711] cloud-init[1072]: ci-info: ++++++++++++++++++++++++++++++++++++++Net device info++++++++++++++++++++++++++++++++++++++
[[   13.854713] cloud-init[1072]: ci-info: +--------+------+----------------------------+---------------+--------+-------------------+
[0;32m  OK  [0m] Started Initial cloud-init job (metadata service crawler).
[   13.855674] cloud-init[1072]: ci-info: | Device |  Up  |          Address           |      Mask     | Scope  |     Hw-Address    |
[   14.076335] cloud-init[1072]: ci-info: +--------+------+----------------------------+---------------+--------+-------------------+
[[   14.077277] cloud-init[1072]: ci-info: | enp0s3 | True |         10.0.2.15          | 255.255.255.0 | global | 02:46:93:03:7f:ca |
[0;32m  OK  [0m] Reached target Network is Online.
[   14.078013] cloud-init[1072]: ci-info: | enp0s3 | True | fe80::46:93ff:fe03:7fca/64 |       .       |  link  | 02:46:93:03:7f:ca |
[   14.285592] cloud-init[1072]: ci-info: |   lo   | True |         127.0.0.1          |   255.0.0.0   |  host  |         .         |
         [   14.286626] cloud-init[1072]: ci-info: |   lo   | True |          ::1/128           |       .       |  host  |         .         |
Starting iSCSI initiator daemon (iscsid)...[   14.287619] cloud-init[1072]: ci-info: +--------+------+----------------------------+---------------+--------+-------------------+

[[   14.287762] cloud-init[1072]: ci-info: +++++++++++++++++++++++++++Route IPv4 info++++++++++++++++++++++++++++
[0;32m  OK  [0m[   14.530083] cloud-init[1072]: ci-info: +-------+-------------+----------+---------------+-----------+-------+
] [   14.530552] cloud-init[1072]: ci-info: | Route | Destination | Gateway  |    Genmask    | Interface | Flags |
Reached target System Initialization.
[   14.530637] cloud-init[1072]: ci-info: +-------+-------------+----------+---------------+-----------+-------+
[[   14.669469] cloud-init[1072]: ci-info: |   0   |   0.0.0.0   | 10.0.2.2 |    0.0.0.0    |   enp0s3  |   UG  |
[0;32m  OK  [0m] Listening on UUID daemon activation socket.
         [   14.672439] cloud-init[1072]: ci-info: |   1   |   10.0.2.0  | 0.0.0.0  | 255.255.255.0 |   enp0s3  |   U   |
Starting Socket activation for snappy daemon.[   14.688607] cloud-init[1072]: ci-info: |   2   | 169.254.0.0 | 0.0.0.0  |  255.255.0.0  |   enp0s3  |   U   |

[[   14.689342] cloud-init[1072]: ci-info: +-------+-------------+----------+---------------+-----------+-------+
[0;32m  OK  [0m[   14.738121] cloud-init[1072]: ci-info: +++++++++++++++++++Route IPv6 info+++++++++++++++++++
] Listening on D-Bus System Message Bus Socket.
[   14.738908] cloud-init[1072]: ci-info: +-------+-------------+---------+-----------+-------+
[   14.916836] cloud-init[1072]: ci-info: | Route | Destination | Gateway | Interface | Flags |
[[   14.917779] cloud-init[1072]: ci-info: +-------+-------------+---------+-----------+-------+
[0;32m  OK  [0m] Started ACPI Events Check.
[[   14.918771] cloud-init[1072]: ci-info: |   0   |  fe80::/64  |    ::   |   enp0s3  |   U   |
[0;32m  OK  [0m[   15.050924] cloud-init[1072]: ci-info: |   3   |   ff00::/8  |    ::   |   enp0s3  |   U   |
] Started Daily Cleanup of Temporary Directories.
[[   15.051646] cloud-init[1072]: ci-info: +-------+-------------+---------+-----------+-------+
[0;32m  OK  [0m] Listening on ACPID Listen Socket.
[[0;32m  OK  [0m] Started CUPS Scheduler.
[[0;32m  OK  [0m] Reached target Paths.
[[0;32m  OK  [0m] Listening on CUPS Scheduler.
[[0;32m  OK  [0m] Listening on Avahi mDNS/DNS-SD Stack Activation Socket.
         Starting LXD - unix socket.
[[0;32m  OK  [0m] Started Daily apt download activities.
[[0;32m  OK  [0m] Started Daily apt upgrade and clean activities.
[[0;32m  OK  [0m] Reached target Timers.
[[0;32m  OK  [0m] Reached target Cloud-config availability.
[[0;32m  OK  [0m] Listening on Socket activation for snappy daemon.
[[0;32m  OK  [0m] Listening on LXD - unix socket.
[[0;32m  OK  [0m] Started iSCSI initiator daemon (iscsid).
         Starting Login to default iSCSI targets...
[[0;32m  OK  [0m] Reached target Sockets.
[[0;32m  OK  [0m] Reached target Basic System.
         Starting /etc/rc.local Compatibility...
         Starting Login Service...
         Starting Avahi mDNS/DNS-SD Stack...
         Starting PostgreSQL Cluster 9.5-main...
[[0;32m  OK  [0m] Started ACPI event daemon.
         Starting System Logging Service...
[[0;32m  OK  [0m] Started D-Bus System Message Bus.
[[0;32m  OK  [0m] Started Avahi mDNS/DNS-SD Stack.
         Starting LXD - container startup/shutdown...
[[0;32m  OK  [0m] Started Regular background program processing daemon.
         Starting Restore /etc/resolv.conf i...re the ppp link was shut down...
         Starting LSB: MD monitoring daemon...
[[0;32m  OK  [0m] Started Run anacron jobs.
         Starting LSB: Record successful boot for GRUB...
         Starting Virtualbox guest utils...
[[0;32m  OK  [0m] Started Deferred execution scheduler.
         Starting Snappy daemon...
[[0;32m  OK  [0m] Started FUSE filesystem for LXC.
         Starting OpenBSD Secure Shell server...
[[0;32m  OK  [0m] Started CUPS Scheduler.
[[0;32m  OK  [0m] Started Make remote CUPS printers available locally.
[[0;32m  OK  [0m] Started Unattended Upgrades Shutdown.
         Starting Accounts Service...
[[0;32m  OK  [0m] Started System Logging Service.
[[0;32m  OK  [0m] Started Snappy daemon.
[[0;32m  OK  [0m] Started /etc/rc.local Compatibility.
[[0;32m  OK  [0m] Started LXD - container startup/shutdown.
[[0;32m  OK  [0m] Started Restore /etc/resolv.conf if...fore the ppp link was shut down.
[[0;32m  OK  [0m] Started OpenBSD Secure Shell server.
[[0;32m  OK  [0m] Started Login to default iSCSI targets.
[[0;32m  OK  [0m] Started LSB: MD monitoring daemon.
[[0;32m  OK  [0m] Started LSB: Record successful boot for GRUB.
[[0;32m  OK  [0m] Started Virtualbox guest utils.
[[0;32m  OK  [0m] Started Login Service.
         Starting Authenticate and Authorize Users to Run Privileged Tasks...
[[0;32m  OK  [0m] Reached target Remote File Systems (Pre).
[[0;32m  OK  [0m] Reached target Remote File Systems.
         Starting LSB: automatic crash report generation...
         Starting LSB: Start/stop sysstat's sadc...
         Starting LSB: Set the CPU Frequency Scaling governor to "ondemand"...
         Starting LSB: Tool to automatically...ubmit kernel crash signatures...
         Starting LSB: Speech Dispatcher...
         Starting LSB: Start lightdm...
         Starting Permit User Sessions...
         Starting LSB: daemon to balance interrupts for SMP systems...
         Starting Wait until snapd is fully seeded...
[[0;32m  OK  [0m] Started LSB: Tool to automatically ... submit kernel crash signatures.
[[0;32m  OK  [0m] Started LSB: Speech Dispatcher.
[[0;32m  OK  [0m] Started LSB: Start lightdm.
[[0;32m  OK  [0m] Started Permit User Sessions.
[[0;32m  OK  [0m] Started Wait until snapd is fully seeded.
[[0;32m  OK  [0m] Started Authenticate and Authorize Users to Run Privileged Tasks.
[[0;32m  OK  [0m] Started Accounts Service.
[[0;32m  OK  [0m] Started LSB: Start/stop sysstat's sadc.
[[0;32m  OK  [0m] Started LSB: Set the CPU Frequency Scaling governor to "ondemand".
[[0;32m  OK  [0m] Started LSB: automatic crash report generation.
         Starting Apply the settings specified in cloud-config...
         Starting Terminate Plymouth Boot Screen...
         Starting Hold until boot process finishes up...
[[0;32m  OK  [0m] Started LSB: daemon to balance interrupts for SMP systems.
[[0;32m  OK  [0m] Started Terminate Plymouth Boot Screen.
[[0;32m  OK  [0m] Started Hold until boot process finishes up.
[[0;32m  OK  [0m] Started Getty on tty1.
[[0;32m  OK  [0m] Started Serial Getty on ttyS0.
[[0;32m  OK  [0m] Reached target Login Prompts.
[   17.570318] cloud-init[1350]: Cloud-init v. 18.4-0ubuntu1~16.04.2 running 'modules:config' at Mon, 25 Mar 2019 23:05:57 +0000. Up 17.48 seconds.
         Starting Set console scheme...
[[0;32m  OK  [0m] Started Apply the settings specified in cloud-config.
[[0;32m  OK  [0m] Started Set console scheme.
[[0;32m  OK  [0m] Started PostgreSQL Cluster 9.5-main.
         Starting PostgreSQL RDBMS...
[[0;32m  OK  [0m] Started PostgreSQL RDBMS.
[[0;32m  OK  [0m] Reached target Multi-User System.
         Starting Execute cloud user/final scripts...
[[0;32m  OK  [0m] Reached target Graphical Interface.
         Starting Update UTMP about System Runlevel Changes...
[[0;32m  OK  [0m] Started Update UTMP about System Runlevel Changes.
[   18.662548] cloud-init[1387]: Cloud-init v. 18.4-0ubuntu1~16.04.2 running 'modules:final' at Mon, 25 Mar 2019 23:05:58 +0000. Up 18.58 seconds.
[[0;32m  OK  [0m] Started Execute cloud user/final scripts.
[   18.746857] [[0;32m  OK  [0m] Created slice User Slice of vagrant.
cloud-init[1387]: Cloud-init v. 18.4-0ubuntu1~16.04.2 finished at Mon, 25 Mar 2019 23:05:58 +0000. Datasource DataSourceNoCloud [seed=/dev/sdb][dsmode=net].  Up 18.65 seconds
         Starting Daily apt download activities...
[[0;32m  OK  [0m] Reached target Cloud-init target.
         Starting User Manager for UID 1000...
[[0;32m  OK  [0m] Started User Manager for UID 1000.
[[0;32m  OK  [0m] Started Session 1 of user vagrant.

Ubuntu 16.04.5 LTS ubuntu-xenial ttyS0

ubuntu-xenial login: [[0;32m  OK  [0m] Started ACPI event daemon.
[[0;32m  OK  [0m] Started CUPS Scheduler.
[[0;32m  OK  [0m] Started ACPI event daemon.
[[0;32m  OK  [0m] Started CUPS Scheduler.
         Starting Socket activation for snappy daemon.
[[0;32m  OK  [0m] Listening on Socket activation for snappy daemon.
         Starting Wait until snapd is fully seeded...
         Starting Snappy daemon...
[[0;32m  OK  [0m] Started Snappy daemon.
[[0;32m  OK  [0m] Started Wait until snapd is fully seeded.
[[0;32m  OK  [0m] Started Snappy daemon.
[[0;32m  OK  [0m] Listening on Socket activation for snappy daemon.
[[0;32m  OK  [0m] Started Daily apt upgrade and clean activities.
         Stopping Usera         Stopping LSB: Record successful boot for GRUB...
         Stopping LSB: daemon to balance interrupts for SMP systems...
[[0;32m  OK  [0m] Stopped PostgreSQL RDBMS.
         Stopping PostgreSQL Cluster 9.5-main...
         Stopping LSB: Start/stop sysstat's sadc...
         Stopping LSB: automatic crash report generation...
         Stopping LSB: MD monitoring daemon...
         Stopping LSB: Start lightdm...
         Stopping Unattended Upgrades Shutdown...
         Stopping System Logging Service...
         Stopping LXD - container startup/shutdown...
[[0;32m  OK  [0m] Stopped Wait until snapd is fully seeded.
         Stopping Deferred execution scheduler...
         Stopping LSB: Tool to automatically...ubmit kernel crash signatures...
         Stopping LSB: Speech Dispatcher...
         Stopping Make remote CUPS printers available locally...
         Stopping Virtualbox guest utils...
         Stopping D-Bus System Message Bus...
         Stopping Authenticate and Authorize Users to Run Privileged Tasks...
         Stopping LSB: Set the CPU Frequency Scaling governor to "ondemand"...
[[0;32m  OK  [0m] Stopped target Timers.
[[0;32m  OK  [0m] Stopped Daily apt upgrade and clean activities.
[[0;32m  OK  [0m] Stopped Daily apt download activities.
[[0;32m  OK  [0m] Stopped Daily Cleanup of Temporary Directories.
         Stopping Regular background program processing daemon...
[[0;32m  OK  [0m] Unmounted /var/lib/lxcfs.
[[0;32m  OK  [0m] Stopped ACPI event daemon.
[[0;32m  OK  [0m] Stopped System Logging Service.
[[0;32m  OK  [0m] Stopped Regular background program processing daemon.
[[0;32m  OK  [0m] Stopped Deferred execution scheduler.
[[0;32m  OK  [0m] Stopped Accounts Service.
[[0;32m  OK  [0m] Stopped OpenBSD Secure Shell server.
[[0;32m  OK  [0m] Stopped Authenticate and Authorize Users to Run Privileged Tasks.
[[0;32m  OK  [0m] Stopped Getty on tty1.
[[0;32m  OK  [0m] Stopped Serial Getty on ttyS0.
[[0;32m  OK  [0m] Stopped Make remote CUPS printers available locally.
[[0;32m  OK  [0m] Stopped User Manager for UID 1000.
[[0;32m  OK  [0m] Stopped Session 11 of user vagrant.
[[0;32m  OK  [0m] Stopped PostgreSQL Cluster 9.5-main.
[[0;32m  OK  [0m] Stopped LSB: Start lightdm.
[[0;32m  OK  [0m] Stopped Unattended Upgrades Shutdown.
[[0;32m  OK  [0m] Stopped LSB: Tool to automatically ... submit kernel crash signatures.
[[0;32m  OK  [0m] Stopped LSB: Speech Dispatcher.
[[0;32m  OK  [0m] Stopped D-Bus System Message Bus.
[[0;32m  OK  [0m] Stopped FUSE filesystem for LXC.
[[0;32m  OK  [0m] Stopped LSB: Record successful boot for GRUB.
[[0;32m  OK  [0m] Stopped LSB: Start/stop sysstat's sadc.
[[0;32m  OK  [0m] Stopped LSB: daemon to balance interrupts for SMP systems.
[[0;32m  OK  [0m] Stopped LSB: automatic crash report generation.
[[0;32m  OK  [0m] Stopped LSB: MD monitoring daemon.
[[0;32m  OK  [0m] Stopped LXD - container startup/shutdown.
[[0;32m  OK  [0m] Stopped LSB: Set the CPU Frequency Scaling governor to "ondemand".
[[0;32m  OK  [0m] Stopped Virtualbox guest utils.
[[0;32m  OK  [0m] Stopped target System Time Synchronized.
[[0;32m  OK  [0m] Removed slice system-postgresql.slice.
[[0;32m  OK  [0m] Removed slice User Slice of vagrant.
         Stopping Login Service...
         Stopping Avahi mDNS/DNS-SD Stack...
         Stopping CUPS Scheduler...
[[0;32m  OK  [0m] Removed slice system-serial\x2dgetty.slice.
[[0;32m  OK  [0m] Stopped /etc/rc.local Compatibility.
[[0;32m  OK  [0m] Removed slice system-getty.slice.
         Stopping Permit User Sessions...
[[0;32m  OK  [0m] Stopped Login Service.
[[0;32m  OK  [0m] Stopped Avahi mDNS/DNS-SD Stack.
[[0;32m  OK  [0m] Stopped CUPS Scheduler.
[[0;32m  OK  [0m] Stopped Permit User Sessions.
[[0;32m  OK  [0m] Stopped target Remote File Systems.
[[0;32m  OK  [0m] Stopped target Remote File Systems (Pre).
         Stopping Login to default iSCSI targets...
[[0;32m  OK  [0m] Stopped target Basic System.
[[0;32m  OK  [0m] Stopped target Slices.
[[0;32m  OK  [0m] Stopped target Paths.
[[0;32m  OK  [0m] Stopped Forward Password Requests to Wall Directory Watch.
[[0;32m  OK  [0m] Stopped Dispatch Password Requests to Console Directory Watch.
[[0;32m  OK  [0m] Stopped ACPI Events Check.
[[0;32m  OK  [0m] Stopped CUPS Scheduler.
[[0;32m  OK  [0m] Stopped target Sockets.
[[0;32m  OK  [0m] Closed UUID daemon activation socket.
[[0;32m  OK  [0m] Closed Syslog Socket.
[[0;32m  OK  [0m] Closed CUPS Scheduler.
[[0;32m  OK  [0m] Closed Avahi mDNS/DNS-SD Stack Activation Socket.
[[0;32m  OK  [0m] Closed Socket activation for snappy daemon.
[[0;32m  OK  [0m] Closed ACPID Listen Socket.
[[0;32m  OK  [0m] Closed LXD - unix socket.
[[0;32m  OK  [0m] Stopped target User and Group Name Lookups.
[[0;32m  OK  [0m] Removed slice User and Session Slice.
[[0;32m  OK  [0m] Closed D-Bus System Message Bus Socket.
[[0;32m  OK  [0m] Stopped target System Initialization.
[[0;32m  OK  [0m] Stopped target Swap.
[[0;32m  OK  [0m] Stopped target Encrypted Volumes.
         Stopping Load/Save Random Seed...
[[0;32m  OK  [0m] Stopped Create Volatile Files and Directories.
[[0;32m  OK  [0m] Stopped Load/Save Random Seed.
[[0;32m  OK  [0m] Stopped Login to default iSCSI targets.
         Stopping iSCSI initiator daemon (iscsid)...
[[0;32m  OK  [0m] Stopped iSCSI initiator daemon (iscsid).
[[0;32m  OK  [0m] Stopped target Network is Online.
[[0;32m  OK  [0m] Stopped Initial cloud-init job (metadata service crawler).
[[0;32m  OK  [0m] Stopped target Network.
         Stopping Raise network interfaces...
[[0;32m  OK  [0m] Stopped Raise network interfaces.
[[0;32m  OK  [0m] Stopped target Network (Pre).
[[0;32m  OK  [0m] Stopped Initial cloud-init job (pre-networking).
[[0;32m  OK  [0m] Stopped Apply Kernel Variables.
[[0;32m  OK  [0m] Stopped Load Kernel Modules.
[[0;32m  OK  [0m] Stopped target Local File Systems.
         Unmounting /vagrant...
         Unmounting /home/vagrant/Ttotwe...
         Unmounting /run/user/1000...
         Unmounting /home/vagrant/motoOS...
         Unmounting /home/vagrant/rails_app...
[[0;32m  OK  [0m] Unmounted /vagrant.
[[0;32m  OK  [0m] Unmounted /home/vagrant/Ttotwe.
[[0;32m  OK  [0m] Unmounted /run/user/1000.
[[0;32m  OK  [0m] Unmounted /home/vagrant/rails_app.
[[0;32m  OK  [0m] Unmounted /home/vagrant/motoOS.
[[0;32m  OK  [0m] Reached target Unmount All Filesystems.
[[0;32m  OK  [0m] Stopped target Local File Systems (Pre).
[[0;32m  OK  [0m] Stopped Remount Root and Kernel File Systems.
[[0;32m  OK  [0m] Stopped Create Static Device Nodes in /dev.
[[0;32m  OK  [0m] Reached target Shutdown.
[ 3917.38981 reboot: Power down

